---
http_interactions:
- request:
    method: post
    uri: http://access.alchemyapi.com/calls/text/TextGetRankedKeywords?sentiment=1
    body:
      encoding: UTF-8
      string: apikey=3ced4b460ebb7ad915c321e545be58f58a652b6e&outputMode=json&text=%24IBM%20to%20invest%20%243%20billion%20in%20sensor%20data%20unit%3A%20http%3A%2F%2Ft.co%2FbMtwsjiTFf
    headers:
      User-Agent:
      - Typhoeus - https://github.com/typhoeus/typhoeus
  response:
    status:
      code: 200
      message: OK
    headers:
      Server:
      - nginx
      Date:
      - Thu, 02 Apr 2015 01:10:51 GMT
      Content-Type:
      - application/json
      Content-Length:
      - '709'
      Connection:
      - keep-alive
      Cache-Control:
      - no-cache
      X-Alchemyapi-Currentversion:
      - '12.14'
      X-Alchemyapi-Key:
      - 3ced4b460ebb7ad915c321e545be58f58a652b6e
      X-Alchemyapi-Params:
      - sentiment=1&knowledgeGraph=0&detectedLanguage=english&submitLanguage=detect
      X-Alchemyapi-Status:
      - OK
      X-Alchemyapi-Text-Content-Size:
      - '69'
      X-Alchemyapi-Total-Transactions:
      - '2'
      Access-Control-Allow-Origin:
      - "*"
    body:
      encoding: UTF-8
      string: "{\r\n    \"status\": \"OK\",\r\n    \"usage\": \"By accessing AlchemyAPI
        or using information generated by AlchemyAPI, you are agreeing to be bound
        by the AlchemyAPI Terms of Use: http://www.alchemyapi.com/company/terms.html\",\r\n
        \   \"totalTransactions\": \"2\",\n    \"language\": \"english\",\n    \"keywords\":
        [\n        {\n            \"relevance\": \"0.919262\",\n            \"sentiment\":
        {\n                \"score\": \"0.468289\",\n                \"type\": \"positive\"\n
        \           },\n            \"text\": \"sensor data unit\"\n        },\n        {\n
        \           \"relevance\": \"0.331231\",\n            \"sentiment\": {\n                \"score\":
        \"0.468289\",\n                \"type\": \"positive\"\n            },\n            \"text\":
        \"IBM\"\n        }\n    ]\n}\r\n"
    http_version: 
  recorded_at: Thu, 02 Apr 2015 01:10:52 GMT
- request:
    method: post
    uri: http://access.alchemyapi.com/calls/text/TextGetRankedNamedEntities?sentiment=1
    body:
      encoding: UTF-8
      string: apikey=3ced4b460ebb7ad915c321e545be58f58a652b6e&outputMode=json&text=%24IBM%20to%20invest%20%243%20billion%20in%20sensor%20data%20unit%3A%20http%3A%2F%2Ft.co%2FbMtwsjiTFf
    headers:
      User-Agent:
      - Typhoeus - https://github.com/typhoeus/typhoeus
  response:
    status:
      code: 200
      message: OK
    headers:
      Server:
      - nginx
      Date:
      - Thu, 02 Apr 2015 01:10:51 GMT
      Content-Type:
      - application/json
      Content-Length:
      - '811'
      Connection:
      - keep-alive
      Cache-Control:
      - no-cache
      X-Alchemyapi-Currentversion:
      - '12.14'
      X-Alchemyapi-Key:
      - 3ced4b460ebb7ad915c321e545be58f58a652b6e
      X-Alchemyapi-Params:
      - sentiment=1&knowledgeGraph=0&detectedLanguage=english&submitLanguage=detect
      X-Alchemyapi-Status:
      - OK
      X-Alchemyapi-Text-Content-Size:
      - '69'
      X-Alchemyapi-Total-Transactions:
      - '2'
      Access-Control-Allow-Origin:
      - "*"
    body:
      encoding: UTF-8
      string: "{\r\n    \"status\": \"OK\",\r\n    \"usage\": \"By accessing AlchemyAPI
        or using information generated by AlchemyAPI, you are agreeing to be bound
        by the AlchemyAPI Terms of Use: http://www.alchemyapi.com/company/terms.html\",\r\n
        \   \"url\": \"\",\r\n    \"totalTransactions\": \"2\",\r\n    \"language\":
        \"english\",\r\n    \"entities\": [\r\n        {\r\n            \"type\":
        \"Company\",\r\n            \"relevance\": \"0.33\",\r\n            \"sentiment\":
        {\r\n                \"type\": \"positive\",\r\n                \"score\":
        \"0.374631\"\r\n            },\r\n            \"count\": \"1\",\r\n            \"text\":
        \"IBM\"\r\n        },\r\n        {\r\n            \"type\": \"Quantity\",\r\n
        \           \"relevance\": \"0.33\",\r\n            \"sentiment\": {\r\n                \"type\":
        \"neutral\"\r\n            },\r\n            \"count\": \"1\",\r\n            \"text\":
        \"$3 billion\"\r\n        }\r\n    ]\r\n}\r\n"
    http_version: 
  recorded_at: Thu, 02 Apr 2015 01:10:53 GMT
- request:
    method: post
    uri: http://access.alchemyapi.com/calls/text/TextGetTextSentiment
    body:
      encoding: UTF-8
      string: apikey=3ced4b460ebb7ad915c321e545be58f58a652b6e&outputMode=json&text=%24IBM%20to%20invest%20%243%20billion%20in%20sensor%20data%20unit%3A%20http%3A%2F%2Ft.co%2FbMtwsjiTFf
    headers:
      User-Agent:
      - Typhoeus - https://github.com/typhoeus/typhoeus
  response:
    status:
      code: 200
      message: OK
    headers:
      Server:
      - nginx
      Date:
      - Thu, 02 Apr 2015 01:10:51 GMT
      Content-Type:
      - application/json
      Content-Length:
      - '361'
      Connection:
      - keep-alive
      Cache-Control:
      - no-cache
      X-Alchemyapi-Currentversion:
      - '12.14'
      X-Alchemyapi-Key:
      - 3ced4b460ebb7ad915c321e545be58f58a652b6e
      X-Alchemyapi-Params:
      - sentiment=0&knowledgeGraph=0&detectedLanguage=english&submitLanguage=detect
      X-Alchemyapi-Status:
      - OK
      X-Alchemyapi-Text-Content-Size:
      - '69'
      X-Alchemyapi-Total-Transactions:
      - '1'
      Access-Control-Allow-Origin:
      - "*"
    body:
      encoding: UTF-8
      string: "{\r\n    \"status\": \"OK\",\r\n    \"usage\": \"By accessing AlchemyAPI
        or using information generated by AlchemyAPI, you are agreeing to be bound
        by the AlchemyAPI Terms of Use: http://www.alchemyapi.com/company/terms.html\",\r\n
        \   \"totalTransactions\": \"1\",\n    \"language\": \"english\",\n    \"docSentiment\":
        {\n        \"score\": \"0.501643\",\n        \"type\": \"positive\"\n    }\n}\r\n"
    http_version: 
  recorded_at: Thu, 02 Apr 2015 01:10:53 GMT
recorded_with: VCR 2.9.3
