---
http_interactions:
- request:
    method: post
    uri: http://access.alchemyapi.com/calls/text/TextGetRankedKeywords?sentiment=1
    body:
      encoding: UTF-8
      string: apikey=3ced4b460ebb7ad915c321e545be58f58a652b6e&outputMode=json&text=AMERIPRISE%20FINANCIAL%20INC%20Financials
    headers:
      User-Agent:
      - Typhoeus - https://github.com/typhoeus/typhoeus
  response:
    status:
      code: 200
      message: OK
    headers:
      Server:
      - nginx
      Date:
      - Thu, 02 Apr 2015 01:01:45 GMT
      Content-Type:
      - application/json
      Content-Length:
      - '327'
      Connection:
      - keep-alive
      Cache-Control:
      - no-cache
      X-Alchemyapi-Currentversion:
      - '12.14'
      X-Alchemyapi-Error-Msg:
      - unsupported-text-language
      X-Alchemyapi-Key:
      - 3ced4b460ebb7ad915c321e545be58f58a652b6e
      X-Alchemyapi-Params:
      - sentiment=1&knowledgeGraph=0&detectedLanguage=catalan&submitLanguage=detect
      X-Alchemyapi-Status:
      - ERROR
      X-Alchemyapi-Text-Content-Size:
      - '35'
      X-Alchemyapi-Total-Transactions:
      - '1'
      Access-Control-Allow-Origin:
      - "*"
    body:
      encoding: UTF-8
      string: "{\r\n    \"status\": \"ERROR\",\r\n    \"statusInfo\": \"unsupported-text-language\",\r\n
        \   \"usage\": \"By accessing AlchemyAPI or using information generated by
        AlchemyAPI, you are agreeing to be bound by the AlchemyAPI Terms of Use: http://www.alchemyapi.com/company/terms.html\",\r\n
        \   \"totalTransactions\": \"1\",\n    \"language\": \"catalan\"\n}\r\n"
    http_version: 
  recorded_at: Thu, 02 Apr 2015 01:01:46 GMT
- request:
    method: post
    uri: http://access.alchemyapi.com/calls/text/TextGetRankedNamedEntities?sentiment=1
    body:
      encoding: UTF-8
      string: apikey=3ced4b460ebb7ad915c321e545be58f58a652b6e&outputMode=json&text=AMERIPRISE%20FINANCIAL%20INC%20Financials
    headers:
      User-Agent:
      - Typhoeus - https://github.com/typhoeus/typhoeus
  response:
    status:
      code: 200
      message: OK
    headers:
      Server:
      - nginx
      Date:
      - Thu, 02 Apr 2015 01:01:45 GMT
      Content-Type:
      - application/json
      Content-Length:
      - '343'
      Connection:
      - keep-alive
      Cache-Control:
      - no-cache
      X-Alchemyapi-Currentversion:
      - '12.14'
      X-Alchemyapi-Error-Msg:
      - unsupported-text-language
      X-Alchemyapi-Key:
      - 3ced4b460ebb7ad915c321e545be58f58a652b6e
      X-Alchemyapi-Params:
      - sentiment=1&knowledgeGraph=0&detectedLanguage=catalan&submitLanguage=detect
      X-Alchemyapi-Status:
      - ERROR
      X-Alchemyapi-Text-Content-Size:
      - '35'
      X-Alchemyapi-Total-Transactions:
      - '1'
      Access-Control-Allow-Origin:
      - "*"
    body:
      encoding: UTF-8
      string: "{\r\n    \"status\": \"ERROR\",\r\n    \"statusInfo\": \"unsupported-text-language\",\r\n
        \   \"usage\": \"By accessing AlchemyAPI or using information generated by
        AlchemyAPI, you are agreeing to be bound by the AlchemyAPI Terms of Use: http://www.alchemyapi.com/company/terms.html\",\r\n
        \   \"url\": \"\",\r\n    \"language\": \"catalan\",\r\n    \"entities\":
        [\r\n\r\n    ]\r\n}\r\n"
    http_version: 
  recorded_at: Thu, 02 Apr 2015 01:01:46 GMT
- request:
    method: post
    uri: http://access.alchemyapi.com/calls/text/TextGetTextSentiment
    body:
      encoding: UTF-8
      string: apikey=3ced4b460ebb7ad915c321e545be58f58a652b6e&outputMode=json&text=AMERIPRISE%20FINANCIAL%20INC%20Financials
    headers:
      User-Agent:
      - Typhoeus - https://github.com/typhoeus/typhoeus
  response:
    status:
      code: 200
      message: OK
    headers:
      Server:
      - nginx
      Date:
      - Thu, 02 Apr 2015 01:01:45 GMT
      Content-Type:
      - application/json
      Content-Length:
      - '327'
      Connection:
      - keep-alive
      Cache-Control:
      - no-cache
      X-Alchemyapi-Currentversion:
      - '12.14'
      X-Alchemyapi-Error-Msg:
      - unsupported-text-language
      X-Alchemyapi-Key:
      - 3ced4b460ebb7ad915c321e545be58f58a652b6e
      X-Alchemyapi-Params:
      - sentiment=0&knowledgeGraph=0&detectedLanguage=catalan&submitLanguage=detect
      X-Alchemyapi-Status:
      - ERROR
      X-Alchemyapi-Text-Content-Size:
      - '35'
      X-Alchemyapi-Total-Transactions:
      - '1'
      Access-Control-Allow-Origin:
      - "*"
    body:
      encoding: UTF-8
      string: "{\r\n    \"status\": \"ERROR\",\r\n    \"statusInfo\": \"unsupported-text-language\",\r\n
        \   \"usage\": \"By accessing AlchemyAPI or using information generated by
        AlchemyAPI, you are agreeing to be bound by the AlchemyAPI Terms of Use: http://www.alchemyapi.com/company/terms.html\",\r\n
        \   \"totalTransactions\": \"1\",\n    \"language\": \"catalan\"\n}\r\n"
    http_version: 
  recorded_at: Thu, 02 Apr 2015 01:01:46 GMT
recorded_with: VCR 2.9.3
